eeeeeeeeeeeeeeeeeeeeeeeeeeeeeeeeeeeeeeeeeee
eLHHHHHHHHHHHHHHHHHHHHHHHHHHHHHHHHHHHHHHHRe
eVeeeeeeeeeeeeeeeeeeeeeeeeeeeeeeeeeeeeeeeVe
eVe* .......X..........X.............. *eVe
eVe eeeeeeee.eeeeeeeeee.eeeeeeeeeeeeeee eVe
eVe.eLHHHHRe.eLHHHHHHRe.eLHHHHHHHHHHHRe.eVe
eVe.eV____Ve.eV______Ve.eV___________Ve.eVe
eVe.eV____Ve.eV______Ve.eV___________Ve.eVe
HGe.eV____Ve.eYHHHHHHGe.eYHHHHHHR____Ve.eVe
eee.eV____Ve.eeeeeeeeee.eeeeeeeeV____Ve.eVe
q  .eV____VeX..........X.......eV____Ve.eVe
eee.eV____Ve.eeeeeeeeeeeeeeeee.eV____Ve.eVe
HRe.eV____Ve.eLHHHHHHHHHHHHHRe.eV____Ve.eVe
eVe.eV____Ve.eV_____________Ve.eV____Ve.eVe
eVe.eV____Ve.eV_____________Ve.eV____Ve.eVe
eVe.eYHHHHGe.eV___LHHHHHR___Ve.eYHHHHGe.eYH
eVe.eeeeeeee.eV___V     V___Ve.eeeeeeee.eee
eVeX........XeV___V     V___VeX........X  q
eVe.eeeeeeee.eV___V     V___Ve.eeeeeeee.eee
eVe.eLHHHHRe.eV___V     V___Ve.eLHHHHRe.eLH
eVe.eV____Ve.eV___YHHHHHG___Ve.eV____Ve.eVe
eVe.eV____Ve.eV_____________Ve.eV____Ve.eVe
eVe.eV____Ve.eV_____________Ve.eV____Ve.eVe
eVe.eV____Ve.eV___LHHHHHHHHHGe.eYHHHHGe.eVe
eVe.eV____Ve.eV___Veeeeeeeeeee.eeeeeeee.eVe
eVe.eV____Ve.eV___Ve..........X...X....XeVe
eVe.eV____Ve.eV___Ve.eeeeeeZeeeeee.eeee.eVe
eVe.eV____Ve.eV___Ve.eLHHHepeHHHRe.eLRe.eVe
eVe.eV____Ve.eV___Ve.eVeeee eeeeVe.eVVe.eVe
eVe.eYHHHHGe.eV___Ve.eVe   T   eVe.eVVe.eVe
eVe.eeeeeeee.eV___Ve.eVe p p p eVe.eVVe.eVe
eVeX....m...XeV___Ve.eVe       eVe.eVVe.eVe
eVe.eeeeeeee.eV___Ve.eVeeeeeeeeeVe.eVVe.eVe
eVe.eLHHHHRe.eV___Ve.eYHHHHHHHHHGe.eVVe.eVe
eVe.eV____Ve.eV___Ve.eeeeeeeeeeeee.eVVe.eVe
eVe.eV____Ve.eV___VeX......X.......eVVe.eVe
eVe.eV____Ve.eV___Ve.eeeeee.eeeeeeeeVVe.eVe
eVe.eV____Ve.eYHHHGe.eLHHRe.eLHHHHHHGVe.eVe
eVe.eV____Ve.eeeeeee.eV__Ve.eV_______Ve.eVe
eVe.eV____VeX........eV__Ve.eV_______Ve.eVe
eVe.eV____Ve.eeeeeeeeeV__Ve.eV_______Ve.eVe
eVe.eV____Ve.eLHHHHHHHG__Ve.eV_______Ve.eVe
eVe.eV____Ve.eV__________Ve.eV_______Ve.eVe
eVe.eV____Ve.eV__________Ve.eV_______Ve.eVe
eVe.eYHHHHGe.eYHHHHHHHHHHGe.eYHHHHHHHGe.eVe
eVe eeeeeeee.eeeeeeeeeeeeee.eeeeeeeeeee eVe
eVe* .......X..............X.......... *eVe
eVeeeeeeeeeeeeeeeeeeeeeeeeeeeeeeeeeeeeeeeVe
eYHHHHHHHHHHHHHHHHHHHHHHHHHHHHHHHHHHHHHHHGe
eeeeeeeeeeeeeeeeeeeeeeeeeeeeeeeeeeeeeeeeeee