eeeeeeeeeeeeeeeeeeeeeeeeeeeeeeeeeeeeeeeeeee
eLHHHHHHHHHHHHHHHHHHHHHHHHHHHHHHHHHHHHHHHRe
eVeeeeeeeeeeeeeeeeeeeeeeeeeeeeeeeeeeeeeeeVe
eVe* ...........X.........X........... *eVe
eVe eeeeeeeeeeee.eeeeeeeee.eeeeeeeeeeee eVe
eVe.eLHHHHHHHHRe.eLHHHHHRe.eLHHHHHHHHRe.eVe
eVe.eV________Ve.eV_____Ve.eV________Ve.eVe
eVe.eV________Ve.eV_____Ve.eV________Ve.eVe
eVe.eV____LHHHGe.eYHHHHHGe.eYHHHHHHHHGe.eVe
eVe.eV____Veeeee.eeeeeeeee.eeeeeeeeeeee.eVe
eVe.eV____Ve....X.........X...X........XeVe
eVe.eV____Ve.eeeeeeeeeeeeeeeee.eeeeeeee.eVe
HGe.eYHHHHGe.eLHHHHHHHHHHHHHRe.eLHHHHRe.eVe
eee.eeeeeeee.eV_____________Ve.eV____Ve.eVe
q  .........XeV_____________Ve.eV____Ve.eVe
eee.eeeeeeee.eV__LHHHHHHHHHHGe.eYHHHHGe.eVe
HRe.eLHHHHRe.eV__Veeeeeeeeeeee.eeeeeeee.eVe
eVe.eV____Ve.eV__Ve.......X...X...X.....eVe
eVe.eV____Ve.eV__Ve.eeeeee.eeeeeeeZeeeeeeVe
eVe.eV____Ve.eV__Ve.eLHHRe.eLHHHHepeHHHHrVe
eVe.eV____Ve.eV__Ve.eV__Ve.eVeeeeepeeeeevVe
eVe.eV____Ve.eV__Ve.eV__Ve.eVe p  T  p  vVe
eVe.eV____Ve.eV__Ve.eV__Ve.eVeeeeeeeeeeevVe
eVe.eV____Ve.eV__Ve.eV__Ve.eYHHHHHHHHHHHgVe
eVe.eV____Ve.eV__Ve.eV__Ve.eeeeeeeeeeeeeeVe
eVe.eV____Ve.eV__Ve.eV__Ve....X.........eVe
eVe.eV____Ve.eV__Ve.eV__Veeeee.eeeeeeee.eVe
eVe.eV____Ve.eV__Ve.eV__YHHHRe.eLHHHHRe.eVe
eVe.eV____Ve.eV__Ve.eV______Ve.eV____Ve.eVe
eVe.eV____Ve.eV__Ve.eV______Ve.eV____Ve.eVe
eVe.eV____Ve.eV__Ve.eYHHHHHHGe.eV____Ve.eVe
eVe.eYHHHHGe.eV__Ve.eeeeeeeeee.eV____Ve.eVe
eVe.eeeeeeee.eV__Ve............eV____Ve.eVe
eVeX........XeV__Veeeeeeeeeeee.eV____Ve.eVe
eVe.eeeeeeee.eV__YHHHHHHHHHHRe.eV____Ve.eVe
eVe.eLHHHHRe.eV_____________Ve.eV____Ve.eVe
eVe.eV____Ve.eV_____________Ve.eV____Ve.eVe
eVe.eV____Ve.eYHHHHHHHHHHHHHGe.eYHHHHGe.eVe
eVe.eV____Ve.eeeeeeeeeeeeeeeee.eeeeeeee.eVe
eVe.eV____VeX.........X.......X....m...XeVe
eVe.eV____Ve.eeeeeeeee.eeeeeeeeeeeeeeee.eVe
eVe.eV____Ve.eLHHHHHRe.eLHHHHHHHHHHHHRe.eVe
eVe.eV____Ve.eV     Ve.eV____________Ve.eVe
eVe.eV____Ve.eV     Ve.eV____________Ve.eVe
eVe.eYHHHHGe.eV     Ve.eYHHHHHHHHHHHHGe.eVe
eVe eeeeeeee.eV     Ve.eeeeeeeeeeeeeeee eVe
eVe* ........eV     VeX............... *eVe
eVeeeeeeeeeeeeV     Ve eeeeeeeeeeeeeeeeeeVe
eYHHHHHHHHHHHHG     Ve eLHHHHHHHHHHHHHHHHGe
eeeeeeeeeeeeeee     VeqeVeeeeeeeeeeeeeeeeee