eeeeeeeeeeeeeeeeeeeeeeeeeeeeeeeeeeeeeeeeeee
eLHHHHHHHHHHHHHHHHHHHHHHHHHHHHHHHHHHHHHHHRe
eVeeeeeeeeeeeeeeeeeeeeeeeeeeeeeeeeeeeeeeeVe
eVe* ..................X.......X...... *eVe
eVe eeeeeeeeeeeeeeeeeee.eeeeeee.eeeeeee eVe
eVe.eLHHHHHHHHHHHHHHHRe.eLHHHRe.eLHHHRe.eVe
eVe.eV_______________Ve.eV___Ve.eV___Ve.eVe
eVe.eV_______________Ve.eV___Ve.eV___Ve.eVe
eVe.eYHHHHHHHHHHHHHHHGe.eYHHHGe.eV___Ve.eVe
eVe.eeeeeeeeeeeeeeeeeee.eeeeeee.eV___Ve.eVe
eVeX...m...X...........X.......XeV___Ve.eVe
eVe.eeeeeee.eeeeeeeeeeeeeeeeeee.eV___Ve.eVe
eVe.eLHHHRe.eLHHHHHHHHHHHHHHHRe.eYHHHGe.eVe
eVe.eV___Ve.eV_______________Ve.eeeeeee.eVe
eVe.eV___Ve.eV_______________VeX........eVe
eVe.eV___Ve.eYHHHHHHHHHHHR___Ve.eeeeeeeeeVe
eVe.eV___Ve.eeeeeeeeeeeeeV___Ve.eLHHHHHHHRe
eVe.eV___Ve.............eV___Ve.eV_______Ve
eVe.eV___Veeeeeeeeeeeee.eV___Ve.eV_______Ve
eVe.eV___YHHHHHHHHHHHRe.eV___Ve.eYHHHHHHHGe
eVe.eV___LHHHHHHHHHHHGe.eV___Ve.eeeeeeeeeee
eVe.eV___Veeeeeeeeeeeee.eV___VeX........  q
eVe.eV___Ve.............eV___Ve.eeeeeeeeeee
eVe.eV___Ve.eeeeeeeeeeeeeV___Ve.eLHHHHHHHHH
eVe.eV___Ve.eLHHHHHHHHHHHG___Ve.eV         
eVe.eV___Ve.eV_______________Ve.eV         
eVe.eV___Ve.eV_______________Ve.eYHHHHHHHRe
eVe.eV___Ve.eV___LHHHHHHHR___Ve.eeeeeeeeeVe
HGe.eYHHHGe.eV___V       V___VeX........eVe
eee.eeeeeee.eV___V       V___Ve.eeeeeee.eVe
q  X.......XeV___V       V___Ve.eLHHHRe.eVe
eee.eeeeeee.eV___V       V___Ve.eV___Ve.eVe
HRe.eLHHHRe.eV___V       V___Ve.eV___Ve.eVe
eVe.eV___Ve.eV___V       V___Ve.eV___Ve.eVe
eVe.eV___Ve.eV___YHHHHHHHG___Ve.eV___Ve.eVe
eVe.eV___Ve.eV_______________Ve.eV___Ve.eVe
eVe.eV___Ve.eV_______________Ve.eV___Ve.eVe
eVe.eV___Ve.eYHHHHHHHHHHHHHHHGe.eV___Ve.eVe
eVe.eV___Ve.eeeeeeeeeeeeeeeeeee.eV___Ve.eVe
eVe.eV___Ve....X.......X.......XeV___Ve.eVe
eVe.eV___Veeeee.eeeeeeeZeeeeeee.eV___Ve.eVe
eVe.eV___YHHHRe.eLHHHHepeHHHHRe.eV___Ve.eVe
eVe.eV_______Ve.eVeeeeepeeeeeVe.eV___Ve.eVe
eVe.eV_______Ve.eVep   T   peVe.eV___Ve.eVe
eVe.eYHHHHHHHGe.eVeeeeeeeeeeeVe.eYHHHGe.eVe
eVe eeeeeeeeeee.eVHHHHHHHHHHHVe.eeeeeee eVe
eVe* ...........eV           Ve....... *eVe
eVeeeeeeeeeeeeeeeV           VeeeeeeeeeeeVe
eYHHHHHHHHHHHHHHHG           YHHHHHHHHHHHGe
eeeeeeeeeeeeeeeeee           eeeeeeeeeeeeee