eeeeeeeeeeeeeeeeeeeeeeeeeeeeeeeeeeeeeeeeeee
eLHHHHHHHHHHHHHHHHHHHHHHHHHHHHHHHHHHHHHHHRe
eVeeeeeeeeeeeeeeeeeeeeeeeeeeeeeeeeeeeeeeeVe
eVe* ......X.......X....X............. *eVe
eVe eeeeeee.eeeeeee.eeee.eeeeeeeeeeeeee eVe
eVe.eLHHHRe.eLHHHRe.eLRe.eLHHHHHHHHHHRe.eVe
eVe.eV___Ve.eV___Ve.eVVe.eV__________Ve.eVe
eVe.eV___Ve.eV___Ve.eVVe.eV__________Ve.eVe
eVe.eV___Ve.eYHHHGe.eVVe.eYHHHHHHHHHHGe.eVe
eVe.eV___Ve.eeeeeee.eVVe.eeeeeeeeeeeeee.eVe
eVe.eV___Ve.........eVVeX......X........eVe
eVe.eV___VeeeeeeeeeeeVVe.eeeeee.eeeeeeeeeVe
eVe.eV___YHHHHHHHHHHHGVe.eLHHRe.eLHHHHHHHGe
eVe.eVLHHHHHHHHHHHHHHHGe.eV__Ve.eV         
eVe.eVVeeeeeeeeeeeeeeeee.eV__Ve.eV         
eVe.eVVe........X.......XeV__Ve.eV         
eVe.eVVe.eeeeeeeZeeeeeee.eV__Ve.eYHHHHHHHHH
eVe.eVVe.eLHHHHepeHHHHRe.eV__Ve.eeeeeeeeeee
eVe.eVVe.eVeeeeepeeeeeVe.eV__VeX........  q
eVe.eVVe.eV  p  T  p eVe.eV__Ve.eeeeeee.eee
eVe.eVVe.eVeeeeeeeeeeeVe.eV__Ve.eLHHHRe.eLH
eVe.eYGe.eYHHHHHHHHHHHGe.eV__Ve.eV___Ve.eVe
eVe.eeee.eeeeeeeeeeeeeee.eV__Ve.eV___Ve.eVe
eVeX....X..X.............eV__Ve.eVLHHGe.eVe
eVe.eeeeeee.eeeeeeeeeeeeeeV__Ve.eVVeeee.eVe
eVe.eLHHHRe.eLHHHHHHHHHHHHG__Ve.eVVe....eVe
eVe.eV___Ve.eV_______________Ve.eVVe.eeeeVe
eVe.eV___Ve.eV_______________Ve.eVVe.eLHHGe
eVe.eV___Ve.eV___LHHHHHHHR___Ve.eVVe.eV    
eVe.eV___Ve.eV___V       V___Ve.eVVe.eV    
HGe.eYHHHGe.eV___V       V___Ve.eVVe.eYHHRe
eee.eeeeeee.eV___V       V___Ve.eVVe.eeeeVe
q  ........XeV___V       V___Ve.eVVe....eVe
eeeeeeeeeee.eV___V       V___Ve.eVVeeee.eVe
HHHHHHHHHRe.eV___YHHHHHHHG___Ve.eVYHHRe.eVe
         Ve.eV_______________Ve.eV___Ve.eVe
         Ve.eV_______________Ve.eV___Ve.eVe
eLHHHHHHHGe.eYHHHHHHHHHHHHHHHGe.eYHHHGe.eVe
eVeeeeeeeee.eeeeeeeeeeeeeeeeeee.eeeeeee.eVe
eVe........X.....m....X........X.......XeVe
eVe.eeeeeee.eeeeeeeeee.eeeeeeee.eeeeeee.eVe
eVe.eLHHHRe.eLHHHHHHRe.eLHHHHRe.eLHHHRe.eVe
eVe.eV___Ve.eV______Ve.eV____Ve.eV___Ve.eVe
eVe.eV___Ve.eV______Ve.eV____Ve.eV___Ve.eVe
eVe.eYHHHGe.eYHHHHHHGe.eYHHHHGe.eYHHHGe.eVe
eVe eeeeeee.eeeeeeeeee.eeeeeeee.eeeeeee eVe
eVe* ......X..........X........X...... *eVe
eVeeeeeeeeeeeeeeeeeeeeeeeeeeeeeeeeeeeeeeeVe
eYHHHHHHHHHHHHHHHHHHHHHHHHHHHHHHHHHHHHHHHGe
eeeeeeeeeeeeeeeeeeeeeeeeeeeeeeeeeeeeeeeeeee