eeeeeeeeeeeeee   eeeeeeeeeeeeeeeeeeeeeeeeee
eLHHHHHHHHHHHR               LHHHHHHHHHHHRe
eVeeeeeeeeeeeV   LHHHHHHHHHHrveeeeeeeeeeeVe
eVe* .......eV   Veeeeeeeeeevve....... *eVe
eVe eeeeeee.eV   Ve........evve.eeeeeee eVe
eVe.eLHHHRe.eV   Ve.eeeeee.evve.eLHHHRe.eVe
eVe.eV___Ve.eV   Ve.eLHHRe.evve.eV___Ve.eVe
eVe.eV___Ve.eV   Ve.eV__Ve.evve.eV___Ve.eVe
eVe.eYHHHGe.eYHHHGe.eYHHGe.eyge.eV___Ve.eVe
eVe.eeeeeee.eeeeeee.eeeeee.eeee.eV___Ve.eVe
eVeX...m...X.......X......X....XeVLHHGe.eVe
eVe.eeeeeee.eeeeeeeeeeeeeeeeeee.eVVeeee.eVe
eVe.eLHHHRe.eLHHHHHHHHHHHHHHHRe.eVVe....eVe
eVe.eV___Ve.eV_______________Ve.eVVe.eeeeVe
eVe.eYHHRVe.eV_______________Ve.eVVe.elhhge
eVe.eeeeVVe.eYHHHHHHHHHHHR___Ve.eYGe.eyhhhh
eVe....eVVe.eeeeeeeeeeeeeV___Ve.eeee.eeeeee
eVeeee.eVVeX............eV___VeX....X...  q
eYHHRe.eVVe.eeeeeeeeeee.eV___Ve.eeee.eeeeee
    Ve.eVVe.eLHHHHHHHRe.eV___Ve.eLRe.eLHHHH
    Ve.eVVe.eYHHHHHHHGe.eV___Ve.eVVe.eV    
    Ve.eVVe.eeeeeeeeeee.eV___Ve.eVVe.eV    
    Ve.eVVeX............eV___Ve.eVVe.eV    
eLHHGe.eYGe.eeeeeeeeeeeeeV___Ve.eVVe.eYHHRe
eVeeee.eeee.eLHHHHHHHHHHHG___Ve.eVVe.eeeeVe
eVe...X....XeV_______________Ve.eVVe....eVe
eVe.eeeeeee.eV_______________Ve.eVVeeee.eVe
eVe.eLHHHRe.eV___LHHHHHHHR___Ve.eVYHHRe.eVe
eVe.eV   Ve.eV___V       V___Ve.eV___Ve.eVe
eVe.eV   Ve.eV___V       V___Ve.eV___Ve.eVe
HGe.eYHHHGe.eV___V       V___Ve.eYHHHGe.eVe
eee.eeeeeee.eV___V       V___Ve.eeeeeee.eVe
q  X.......XeV___V       V___VeX.......XeVe
eee.eeeeeee.eV___YHHHHHHHG___Ve.eeeeeee.eVe
HRe.eLHHHRe.eV_______________Ve.eLHHHRe.eVe
eVe.eV___Ve.eV_______________Ve.eV___Ve.eVe
eVe.eV___Ve.eV_______________Ve.eV___Ve.eVe
eVe.eV___Ve.eYHHHHHHHHHHHHHHHGe.eYHHHGe.eVe
eVe.eV___Ve.eeeeeeeeeeeeeeeeeee.eeeeeee.eVe
eVe.eV___Ve....X.......X.......X.......XeVe
eVe.eV___Veeeee.eeeeeeeZeeeeeee.eeeeeee.eVe
eVe.eV___YHHHRe.eLHHHHepeHHHHRe.eLHHHRe.eVe
eVe.eV_______Ve.eVeeeeepeeeeeVe.eV___Ve.eVe
eVe.eV_______Ve.eVep   T   peVe.eV___Ve.eVe
eVe.eYHHHHHHHGe.eVeeeeeeeeeeeVe.eYHHHGe.eVe
eVe eeeeeeeeeee.eVHHHHHHHHHHHVe.eeeeeee eVe
eVe* ..........XeV           Ve....... *eVe
eVeeeeeeeeeeeeeeeV           VeeeeeeeeeeeVe
eYHHHHHHHHHHHHHHHG           YHHHHHHHHHHHGe
eeeeeeeeeeeeeeeeee           eeeeeeeeeeeeee