eeeeeeeeeeeeeeeeeeeeeeeeeeeeeeeeeeeeeeeeeee
eLHHHHHHHHHHHHHHHR  LHHHHHHHHHHHHHHHHHHHHRe
eVeeeeeeeeeeeeeeeV  VeeeeeeeeeeeeeeeeeeeeVe
eVe* ...........eV  Ve................ *eVe
eVe eeeeeeeeeee.eV  Ve.eeeeeeeeeeeeeeee eVe
eVe.eLHHHHHHHRe.eV  Ve.eLHHHHHHHHHHHHRe.eVe
eVe.eV_______Ve.eV  Ve.eV____________Ve.eVe
eVe.eV_______Ve.eV  Ve.eV____________Ve.eVe
eVe.eYHHHHHHHGe.eYHHGe.eYHHHHHHHHHHHHGe.eVe
eVe.eeeeeeeeeee.eeeeee.eeeeeeeeeeeeeeee.eVe
eVeX...m...X...X......X.......X........XeVe
eVe.eeeeeee.eeeeeeeeeeeeeeeeee.eeeeeeee.eVe
eVe.eLHHHRe.eLHHHHHHHHHHHHHHRe.eLHHHHRe.eVe
eVe.eV___Ve.eV______________Ve.eV____Ve.eVe
eVe.eV___Ve.eV______________Ve.eV____Ve.eVe
eVe.eYHHHGe.eV__LHHHHHHHHR__Ve.eV____Ve.eVe
eVe.eeeeeee.eV__VeeeeeeeeV__Ve.eVLHHHGe.eVe
eVeX.......XeV__Ve......eV__Ve.eVVeeeee.eVe
eVe.eeeeeee.eV__Ve.eeee.eV__Ve.eVVe.....eVe
eVe.eLHHHRe.eV__Ve.eLRe.eV__Ve.eVVe.eeeeeVe
eVe.eV___Ve.eV__Ve.eVVe.eV__Ve.eVVe.eLHHHGe
eVe.eV___Ve.eV__Ve.eVVe.eV__Ve.eVVe.eV     
eVe.eYHHRVe.eV__Ve.eVVe.eV__Ve.eVVe.eV     
eVe.eeeeVVe.eV__Ve.eVVe.eV__Ve.eVVe.eYHHHRe
eVe....eVVe.eV__Ve.eVVe.eV__Ve.eVVe.eeeeeVe
eVeeee.eVVe.eV__Ve.eVVe.eV__Ve.eVVe.....eVe
eYHHRe.eVVe.eV__Ve.eVVe.eV__Ve.eVVeeeee.eVe
    Ve.eVVe.eV__Ve.eVVe.eV__Ve.eVYHHHRe.eVe
    Ve.eVVe.eV__Ve.eVVe.eV__Ve.eV____Ve.eVe
    Ve.eVVe.eV__Ve.eVVe.eV__Ve.eV____Ve.eVe
eLHHGe.eVVe.eV__Ve.eVVe.eV__Ve.eYHHHHGe.eVe
eVeeee.eVVe.eV__Ve.eVVe.eV__Ve.eeeeeeee.eVe
eVe....eVVe.eV__Ve.eVVe.eV__VeX........XeVe
eVe.eeeeVVe.eV__Ve.eVVe.eV__Ve.eeeeeeee.eVe
eVe.eLHHGVe.eV__Ve.eVVe.eV__Ve.eLHHHHRe.eVe
eVe.eV___Ve.eV__Ve.eVVe.eV__Ve.eV____Ve.eVe
eVe.eV___Ve.eV__Ve.eVVe.eV__Ve.eV____Ve.eVe
eVe.eYHHHGe.eYHHGe.eVVe.eYHHGe.eYHHHRVe.eVe
eVe.eeeeeee.eeeeee.eVVe.eeeeee.eeeeeVVe.eVe
eVeX.......X.......eVVe.......X....eVVe.eVe
eVe.eeeeeeeeeZeeeeeeVVeeeeeeeeeeee.eVVe.eVe
eVe.eLHHRHHHepeHHHHHGYHHHHHHHHHHRe.eVVe.eVe
eVe.eV__VeeeepeeeeeV____________Ve.eVVe.eVe
eVe.eV__Ve p T  p eV____________Ve.eVVe.eVe
eVe.eYHHGeeeeeeeeeeV__LHHHHHHHHHGe.eYGe.eVe
eVe eeeeVHHHHHHHHHHG__Veeeeeeeeeee.eeee eVe
eVe* ..eV_____________Ve..........X... *eVe
eVeeee.eV_____________Ve.eeeeeeeeeeeeeeeeVe
eYHHRe.eV_____________Ve.eLHHHHHHHHHHHHHHGe
eeeeVeqeV_____________VeqeVeeeeeeeeeeeeeeee