eeeeeeeeeeeeeeeeeeeeeeeeeeeeeVeqeVeeeeeeeee
eLHHHHHHHHHHHHHHHHHHHHHHHHHHHGe eYHHHHHHHRe
eVeeeeeeeeeeeeeeeeeeeeeeeeeeeee eeeeeeeeeVe
eVe* ......X...................X...... *eVe
eVe eeeeeee.eeeeeeeeeeeeeeeeeee.eeeeeee eVe
eVe.eLHHHRe.eLHHHHHHHHHHHHHHHRe.eLHHHRe.eVe
eVe.eV___Ve.eV_______________Ve.eV___Ve.eVe
eVe.eV___Ve.eV_______________Ve.eV___Ve.eVe
eVe.eYHHHGe.eYHHHHHHHHHHHHHHHGe.eYHHHGe.eVe
eVe.eeeeeee.eeeeeeeeeeeeeeeeeee.eeeeeee.eVe
eVeX...m...X...................X.......XeVe
eVe.eeeeeee.eeeeeeeeeeeeeeeeeee.eeeeeee.eVe
eVe.eLHHHRe.eLHHHHHHHHHHHHHHHRe.eLHHHRe.eVe
eVe.eV___Ve.eV_______________Ve.eV___Ve.eVe
eVe.eV___Ve.eV_______________Ve.eV___Ve.eVe
eVe.eV___Ve.eYHHHHHHHHHHHR___Ve.eV___Ve.eVe
eVe.eV___Ve.eeeeeeeeeeeeeV___Ve.eV___Ve.eVe
eVe.eV___Ve.............eV___Ve.eV___Ve.eVe
eVe.eV___Veeeeeeeeeeeee.eV___Ve.eV___Ve.eVe
eVe.eV___YHHHHHHHHHHHRe.eV___Ve.eV___Ve.eVe
eVe.eV___LHHHHHHHHHHHGe.eV___Ve.eV___Ve.eVe
eVe.eV___Veeeeeeeeeeeee.eV___Ve.eV___Ve.eVe
eVe.eV___Ve.............eV___Ve.eV___Ve.eVe
eVe.eV___Ve.eeeeeeeeeeeeeV___Ve.eV___Ve.eVe
eVe.eV___Ve.eLHHHHHHHHHHHG___Ve.eV___Ve.eVe
eVe.eV___Ve.eV_______________Ve.eV___Ve.eVe
eVe.eV___Ve.eV_______________Ve.eV___Ve.eVe
eVe.eV___Ve.eV___LHHHHHHHR___Ve.eV___Ve.eVe
eVe.eV___Ve.eV___V       V___Ve.eV___Ve.eVe
eVe.eYHHHGe.eV___V       V___Ve.eV___Ve.eVe
eVe.eeeeeee.eV___V       V___Ve.eV___Ve.eVe
eVeX.......XeV___V       V___Ve.eYHHHGe.eVe
eVe.eeeeeee.eV___V       V___Ve.eeeeeee.eVe
eVe.eLHHHRe.eV___V       V___VeX.......XeVe
eVe.eV___Ve.eV___YHHHHHHHG___Ve.eeeeeee.eVe
eVe.eV___Ve.eV_______________Ve.eLHHHRe.eVe
eVe.eV___Ve.eV_______________Ve.eV___Ve.eVe
eVe.eYHHHGe.eYHHHHHHHHHHHHHHHGe.eV___Ve.eVe
eVe.eeeeeee.eeeeeeeeeeeeeeeeeee.eV___Ve.eVe
eVeX.......X...X.......X.......XeV___Ve.eVe
eVe.eeeeeeeeeee.eeeeeeeZeeeeeee.eV___Ve.eVe
eVe.eLHHHHHHHRe.eLHHHHepeHHHHRe.eV___Ve.eVe
eVe.eV_______Ve.eVeeeeepeeeeeVe.eV___Ve.eVe
eVe.eV_______Ve.eVep   T   peVe.eV___Ve.eVe
eVe.eYHHHHHHHGe.eVeeeeeeeeeeeVe.eYHHHGe.eVe
eVe eeeeeeeeeee.eVHHHHHHHHHHHVe.eeeeeee eVe
eVe* ..........XeV           Ve....... *eVe
eVeeeeeeeeeeeee eV           VeeeeeeeeeeeVe
eYHHHHHHHHHHHRe eV           YHHHHHHHHHHHGe
eeeeeeeeeeeeeVeqeV           eeeeeeeeeeeeee