eeeeeeeeeeeeeeeeeeeeeeeeeeeeeeeeeeeeeeeeeee
eLHHHHHHHHHHHHHHHHHHHHHHHHHHHHHHHHHHHHHHHRe
eVeeeeeeeeeeeeeeeeeeeeeeeeeeeeeeeeeeeeeeeVe
eVe* ..........X...............X...... *eVe
eVe eeeeeeeeeee.eeeeeeeeeeeeeee.eeeeeee eVe
eVe.eLHHHHHHHRe.eLHHHHHHHHHHHRe.eLHHHRe.eVe
eVe.eV_______Ve.eV___________Ve.eV___Ve.eVe
eVe.eV_______Ve.eV___________Ve.eV___Ve.eVe
eVe.eYHHHHHHHGe.eYHHHHHHHHHHHGe.eYHHHGe.eVe
eVe.eeeeeeeeeee.eeeeeeeeeeeeeee.eeeeeee.eVe
eVeX...........X...............X....m...eVe
eVe.eeeeeee.eeeeeeeeeeeeeeeeeee.eeeeeeeeeVe
eVe.eLHHHRe.eLHHHHHHHHHHHHHHHRe.eLHHHHHHrVe
eVe.eV___Ve.eV_______________Ve.eV______vVe
eVe.eV___Ve.eV_______________Ve.eYHHHHHHgYH
eVe.eV___Ve.eV____LHHHHHR____Ve.eeeeeeeeeee
HGe.eYHHHGe.eV____V     V____VeX........  q
eee.eeeeeee.eV____V     V____Ve.eeeeeee.eee
q  X.......XeV____V     V____Ve.eLHHHRe.eLH
eee.eeeeeee.eV____V     V____Ve.eV___Ve.eVe
HRe.eLHHHRe.eV____YHHHHHG____Ve.eV___Ve.eVe
eVe.eV___Ve.eV_______________Ve.eV___Ve.eVe
eVe.eV___Ve.eV_______________Ve.eV___Ve.eVe
eVe.eYHHRVe.eV____LHHHHHHHHHHGe.eYHHHGe.eVe
eVe.eeeeVVe.eV____Veeeeeeeeeeee.eeeeeee.eVe
eVe....eVVe.eV____Ve..............X....XeVe
eVeeee.eVVe.eV____Ve.eeeeeeZeeeeee.eeee.eVe
eYHHRe.eVVe.eV____Ve.eLHHHepeHHHRe.eLRe.eVe
e   Ve.eVVe.eV____Ve.eVeeee eeeeVe.eVVe.eVe
eLHHGe.eVVe.eV____Ve.eVe   T   eVe.eVVe.eVe
eVeeee.eVVe.eV____Ve.eVep  p  peVe.eVVe.eVe
eVe....eVVe.eV____Ve.eVe       eVe.eVVe.eVe
eVe.eeeeVVe.eV____Ve.eVeeeeeeeeeVe.eVVe.eVe
eVe.eLHHGVe.eV____Ve.eYHHHHHHHHHGe.eVVe.eVe
eVe.eV___Ve.eV____Ve.eeeeeeeeeeeee.eVVe.eVe
eVe.eV___Ve.eV____Ve...............eVVe.eVe
eVe.eYHHHGe.eYHHHHGe.eeeeeeeeeeeeeeeVVe.eVe
eVe.eeeeeee.eeeeeeee.eLHHHHHHHHHHHHHGVe.eVe
eVeX.......X........XeVLHHHHHHHHHHHR_Ve.eVe
eVe.eeeeeeeeeeeeeeee.eVVeeeeeeeeeeeV_Ve.eVe
eVe.eLHHHHHHHHHHHHRe.eVVe.........eV_Ve.eVe
eVe.eV_LHHHHHHHHHHGe.eVVe.eeeeeee.eV_Ve.eVe
eVe.eV_Veeeeeeeeeeee.eVVe.eLHHHRe.eV_Ve.eVe
eVe.eV_Ve...........XeVVe.eV___Ve.eV_Ve.eVe
eVe.eYHGe.eeeeeeeeee.eYGe.eYHHHGe.eYHGe.eVe
eVe eeeee.eLHHHHHHRe.eeee.eeeeeee.eeeee eVe
eVe* .....eV      Ve.....X.......X.... *eVe
eVeeeeeeeeeV      VeeeeeeeeeeeeeeeeeeeeeeVe
eYHHHHHHHHHG      YHHHHHHHHHHHHHHHHHHHHHHGe
eeeeeeeeeeee      eeeeeeeeeeeeeeeeeeeeeeeee